14:07:15 **** Incremental Build of configuration Debug for project PenduloBot ****
make -j8 all 
arm-none-eabi-gcc "../Core/Src/mpu6050.c" -mcpu=cortex-m4 -std=gnu11 -g3 -DDEBUG -DUSE_HAL_DRIVER -DSTM32F303x8 -c -I../Core/Inc -I../Drivers/STM32F3xx_HAL_Driver/Inc/Legacy -I../Drivers/STM32F3xx_HAL_Driver/Inc -I../Drivers/CMSIS/Device/ST/STM32F3xx/Include -I../Drivers/CMSIS/Include -O0 -ffunction-sections -fdata-sections -Wall -fstack-usage -fcyclomatic-complexity -MMD -MP -MF"Core/Src/mpu6050.d" -MT"Core/Src/mpu6050.o" --specs=nano.specs -mfpu=fpv4-sp-d16 -mfloat-abi=hard -mthumb -o "Core/Src/mpu6050.o"
arm-none-eabi-gcc -o "PenduloBot.elf" @"objects.list"   -mcpu=cortex-m4 -T"C:\Users\samid\STM32CubeIDE\PenduloBot\PenduloBot\STM32F303K8TX_FLASH.ld" --specs=nosys.specs -Wl,-Map="PenduloBot.map" -Wl,--gc-sections -static --specs=nano.specs -mfpu=fpv4-sp-d16 -mfloat-abi=hard -mthumb -Wl,--start-group -lc -lm -Wl,--end-group
Finished building target: PenduloBot.elf
 
arm-none-eabi-size  PenduloBot.elf 
arm-none-eabi-objdump -h -S PenduloBot.elf  > "PenduloBot.list"
   text	   data	    bss	    dec	    hex	filename
  21964	     92	   2228	  24284	   5edc	PenduloBot.elf
Finished building: default.size.stdout
 
Finished building: PenduloBot.list
 

14:07:16 Build Finished. 0 errors, 0 warnings. (took 762ms)

